Collecting tensorflow
  Using cached tensorflow-2.21.0-cp313-cp313-win_amd64.whl.metadata (4.5 kB)
Collecting pillow
  Using cached pillow-12.3.0-cp313-cp313-win_amd64.whl.metadata (9.3 kB)
Collecting numpy
  Using cached numpy-2.5.2-cp313-cp313-win_amd64.whl.metadata (6.6 kB)
Collecting matplotlib
  Using cached matplotlib-3.11.1-cp313-cp313-win_amd64.whl.metadata (80 kB)
Collecting seaborn
  Using cached seaborn-0.13.2-py3-none-any.whl.metadata (5.4 kB)
Collecting scikit-learn
  Using cached scikit_learn-1.9.0-cp313-cp313-win_amd64.whl.metadata (11 kB)
Collecting requests
  Using cached requests-2.34.2-py3-none-any.whl.metadata (4.8 kB)
Collecting ipykernel
  Using cached ipykernel-7.3.0-py3-none-any.whl.metadata (4.5 kB)
Collecting absl-py>=1.0.0 (from tensorflow)
  Using cached absl_py-2.5.0-py3-none-any.whl.metadata (3.3 kB)
Collecting astunparse>=1.6.0 (from tensorflow)
  Using cached astunparse-1.6.3-py2.py3-none-any.whl.metadata (4.4 kB)
Collecting flatbuffers>=25.9.23 (from tensorflow)
  Using cached flatbuffers-25.12.19-py2.py3-none-any.whl.metadata (1.0 kB)
Collecting gast!=0.5.0,!=0.5.1,!=0.5.2,>=0.2.1 (from tensorflow)
  Using cached gast-0.7.0-py3-none-any.whl.metadata (1.5 kB)
Collecting google_pasta>=0.1.1 (from tensorflow)
  Using cached google_pasta-0.2.0-py3-none-any.whl.metadata (814 bytes)
Collecting libclang>=13.0.0 (from tensorflow)
  Using cached libclang-18.1.1-py2.py3-none-win_amd64.whl.metadata (5.3 kB)
Collecting opt_einsum>=2.3.2 (from tensorflow)
  Using cached opt_einsum-3.4.0-py3-none-any.whl.metadata (6.3 kB)
Collecting packaging (from tensorflow)
  Using cached packaging-26.3-py3-none-any.whl.metadata (3.5 kB)
Collecting protobuf<8.0.0,>=6.31.1 (from tensorflow)
  Using cached protobuf-7.35.1-cp310-abi3-win_amd64.whl.metadata (595 bytes)
Collecting setuptools (from tensorflow)
  Using cached setuptools-84.0.0-py3-none-any.whl.metadata (6.6 kB)
Collecting six>=1.12.0 (from tensorflow)
  Using cached six-1.17.0-py2.py3-none-any.whl.metadata (1.7 kB)
Collecting termcolor>=1.1.0 (from tensorflow)
  Using cached termcolor-3.3.0-py3-none-any.whl.metadata (6.5 kB)
Collecting typing_extensions>=3.6.6 (from tensorflow)
  Using cached typing_extensions-4.16.0-py3-none-any.whl.metadata (3.3 kB)
Collecting wrapt>=1.11.0 (from tensorflow)
  Using cached wrapt-2.3.0-cp313-cp313-win_amd64.whl.metadata (7.6 kB)
Collecting grpcio<2.0,>=1.24.3 (from tensorflow)
  Using cached grpcio-1.83.0-cp313-cp313-win_amd64.whl.metadata (3.8 kB)
Collecting keras>=3.12.0 (from tensorflow)
  Using cached keras-3.15.1-py3-none-any.whl.metadata (6.4 kB)
Collecting h5py<3.15.0,>=3.11.0 (from tensorflow)
  Using cached h5py-3.14.0-cp313-cp313-win_amd64.whl.metadata (2.7 kB)
Collecting ml_dtypes<1.0.0,>=0.5.1 (from tensorflow)
  Using cached ml_dtypes-0.5.4-cp313-cp313-win_amd64.whl.metadata (9.2 kB)
Collecting charset_normalizer<4,>=2 (from requests)
  Using cached charset_normalizer-3.4.9-cp313-cp313-win_amd64.whl.metadata (42 kB)
Collecting idna<4,>=2.5 (from requests)
  Using cached idna-3.18-py3-none-any.whl.metadata (6.1 kB)
Collecting urllib3<3,>=1.26 (from requests)
  Using cached urllib3-2.7.0-py3-none-any.whl.metadata (6.9 kB)
Collecting certifi>=2023.5.7 (from requests)
  Using cached certifi-2026.7.22-py3-none-any.whl.metadata (2.5 kB)
Collecting contourpy>=1.0.1 (from matplotlib)
  Using cached contourpy-1.3.3-cp313-cp313-win_amd64.whl.metadata (5.5 kB)
Collecting cycler>=0.10 (from matplotlib)
  Using cached cycler-0.12.1-py3-none-any.whl.metadata (3.8 kB)
Collecting fonttools>=4.28.2 (from matplotlib)
  Using cached fonttools-4.63.0-cp313-cp313-win_amd64.whl.metadata (121 kB)
Collecting kiwisolver>=1.3.1 (from matplotlib)
  Using cached kiwisolver-1.5.0-cp313-cp313-win_amd64.whl.metadata (5.2 kB)
Collecting pyparsing>=3 (from matplotlib)
  Using cached pyparsing-3.3.2-py3-none-any.whl.metadata (5.8 kB)
Collecting python-dateutil>=2.7 (from matplotlib)
  Using cached python_dateutil-2.9.0.post0-py2.py3-none-any.whl.metadata (8.4 kB)
Collecting pandas>=1.2 (from seaborn)
  Using cached pandas-3.0.5-cp313-cp313-win_amd64.whl.metadata (19 kB)
Collecting scipy>=1.10.0 (from scikit-learn)
  Using cached scipy-1.18.0-cp313-cp313-win_amd64.whl.metadata (61 kB)
Collecting joblib>=1.4.0 (from scikit-learn)
  Using cached joblib-1.5.3-py3-none-any.whl.metadata (5.5 kB)
Collecting narwhals>=2.0.1 (from scikit-learn)
  Using cached narwhals-2.24.0-py3-none-any.whl.metadata (15 kB)
Collecting threadpoolctl>=3.5.0 (from scikit-learn)
  Using cached threadpoolctl-3.6.0-py3-none-any.whl.metadata (13 kB)
Collecting comm>=0.1.1 (from ipykernel)
  Using cached comm-0.2.3-py3-none-any.whl.metadata (3.7 kB)
Collecting debugpy>=1.6.5 (from ipykernel)
  Using cached debugpy-1.8.21-cp313-cp313-win_amd64.whl.metadata (1.5 kB)
Collecting ipython>=7.23.1 (from ipykernel)
  Using cached ipython-9.16.1-py3-none-any.whl.metadata (4.6 kB)
Collecting jupyter-client>=8.9.0 (from ipykernel)
  Using cached jupyter_client-8.9.1-py3-none-any.whl.metadata (8.5 kB)
Collecting jupyter-core!=6.0.*,>=5.1 (from ipykernel)
  Using cached jupyter_core-5.9.1-py3-none-any.whl.metadata (1.5 kB)
Collecting matplotlib-inline>=0.1 (from ipykernel)
  Using cached matplotlib_inline-0.2.2-py3-none-any.whl.metadata (2.4 kB)
Collecting nest-asyncio2>=1.7.0 (from ipykernel)
  Using cached nest_asyncio2-1.7.2-py3-none-any.whl.metadata (6.3 kB)
Collecting psutil>=5.7 (from ipykernel)
  Using cached psutil-7.2.2-cp37-abi3-win_amd64.whl.metadata (22 kB)
Collecting pyzmq>=25 (from ipykernel)
  Using cached pyzmq-27.1.0-cp312-abi3-win_amd64.whl.metadata (6.0 kB)
Collecting tornado>=6.4.1 (from ipykernel)
  Using cached tornado-6.5.8-cp39-abi3-win_amd64.whl.metadata (2.9 kB)
Collecting traitlets>=5.4.0 (from ipykernel)
  Using cached traitlets-5.16.1-py3-none-any.whl.metadata (10 kB)
Collecting wheel<1.0,>=0.23.0 (from astunparse>=1.6.0->tensorflow)
  Using cached wheel-0.47.0-py3-none-any.whl.metadata (2.3 kB)
Collecting colorama>=0.4.4 (from ipython>=7.23.1->ipykernel)
  Using cached colorama-0.4.6-py2.py3-none-any.whl.metadata (17 kB)
Collecting ipython-pygments-lexers>=1.0.0 (from ipython>=7.23.1->ipykernel)
  Using cached ipython_pygments_lexers-1.1.1-py3-none-any.whl.metadata (1.1 kB)
Collecting jedi>=0.18.2 (from ipython>=7.23.1->ipykernel)
  Using cached jedi-0.20.0-py2.py3-none-any.whl.metadata (23 kB)
Collecting prompt_toolkit<3.1.0,>=3.0.41 (from ipython>=7.23.1->ipykernel)
  Using cached prompt_toolkit-3.0.53-py3-none-any.whl.metadata (6.4 kB)
Collecting pygments>=2.14.0 (from ipython>=7.23.1->ipykernel)
  Using cached pygments-2.20.0-py3-none-any.whl.metadata (2.5 kB)
Collecting stack_data>=0.6.0 (from ipython>=7.23.1->ipykernel)
  Using cached stack_data-0.6.3-py3-none-any.whl.metadata (18 kB)
Collecting wcwidth>=0.1.4 (from prompt_toolkit<3.1.0,>=3.0.41->ipython>=7.23.1->ipykernel)
  Using cached wcwidth-0.8.2-py3-none-any.whl.metadata (43 kB)
Collecting parso<0.9.0,>=0.8.6 (from jedi>=0.18.2->ipython>=7.23.1->ipykernel)
  Using cached parso-0.8.7-py2.py3-none-any.whl.metadata (8.2 kB)
Collecting platformdirs>=2.5 (from jupyter-core!=6.0.*,>=5.1->ipykernel)
  Using cached platformdirs-4.11.1-py3-none-any.whl.metadata (5.5 kB)
Collecting rich (from keras>=3.12.0->tensorflow)
  Using cached rich-15.0.0-py3-none-any.whl.metadata (18 kB)
Collecting namex (from keras>=3.12.0->tensorflow)
  Using cached namex-0.1.0-py3-none-any.whl.metadata (322 bytes)
Collecting optree (from keras>=3.12.0->tensorflow)
  Using cached optree-0.19.1-cp313-cp313-win_amd64.whl.metadata (32 kB)
Collecting tzdata (from pandas>=1.2->seaborn)
  Using cached tzdata-2026.3-py2.py3-none-any.whl.metadata (1.4 kB)
Collecting executing>=1.2.0 (from stack_data>=0.6.0->ipython>=7.23.1->ipykernel)
  Using cached executing-2.2.1-py2.py3-none-any.whl.metadata (8.9 kB)
Collecting asttokens>=2.1.0 (from stack_data>=0.6.0->ipython>=7.23.1->ipykernel)
  Using cached asttokens-3.0.2-py3-none-any.whl.metadata (5.7 kB)
Collecting pure-eval (from stack_data>=0.6.0->ipython>=7.23.1->ipykernel)
  Using cached pure_eval-0.2.3-py3-none-any.whl.metadata (6.3 kB)
Collecting markdown-it-py>=2.2.0 (from rich->keras>=3.12.0->tensorflow)
  Using cached markdown_it_py-4.2.0-py3-none-any.whl.metadata (7.4 kB)
Collecting mdurl~=0.1 (from markdown-it-py>=2.2.0->rich->keras>=3.12.0->tensorflow)
  Using cached mdurl-0.1.2-py3-none-any.whl.metadata (1.6 kB)
Using cached tensorflow-2.21.0-cp313-cp313-win_amd64.whl (351.2 MB)
Using cached requests-2.34.2-py3-none-any.whl (73 kB)
Downloading charset_normalizer-3.4.9-cp313-cp313-win_amd64.whl (161 kB)
Downloading grpcio-1.83.0-cp313-cp313-win_amd64.whl (5.2 MB)
   ---------------------------------------- 5.2/5.2 MB 5.5 MB/s  0:00:00
Downloading h5py-3.14.0-cp313-cp313-win_amd64.whl (2.9 MB)
   ---------------------------------------- 2.9/2.9 MB 7.4 MB/s  0:00:00
Using cached idna-3.18-py3-none-any.whl (65 kB)
Downloading ml_dtypes-0.5.4-cp313-cp313-win_amd64.whl (212 kB)
Downloading protobuf-7.35.1-cp310-abi3-win_amd64.whl (439 kB)
Downloading typing_extensions-4.16.0-py3-none-any.whl (45 kB)
Using cached urllib3-2.7.0-py3-none-any.whl (131 kB)
Downloading pillow-12.3.0-cp313-cp313-win_amd64.whl (7.2 MB)
   ---------------------------------------- 7.2/7.2 MB 5.5 MB/s  0:00:01
Downloading numpy-2.5.2-cp313-cp313-win_amd64.whl (12.5 MB)
   ---------------------------------------- 12.5/12.5 MB 6.6 MB/s  0:00:01
Downloading matplotlib-3.11.1-cp313-cp313-win_amd64.whl (9.3 MB)
   ---------------------------------------- 9.3/9.3 MB 6.6 MB/s  0:00:01
Using cached seaborn-0.13.2-py3-none-any.whl (294 kB)
Downloading scikit_learn-1.9.0-cp313-cp313-win_amd64.whl (8.2 MB)
   ---------------------------------------- 8.2/8.2 MB 5.9 MB/s  0:00:01
Downloading ipykernel-7.3.0-py3-none-any.whl (120 kB)
Downloading absl_py-2.5.0-py3-none-any.whl (137 kB)
Downloading astunparse-1.6.3-py2.py3-none-any.whl (12 kB)
Using cached six-1.17.0-py2.py3-none-any.whl (11 kB)
Downloading wheel-0.47.0-py3-none-any.whl (32 kB)
Downloading certifi-2026.7.22-py3-none-any.whl (136 kB)
Using cached comm-0.2.3-py3-none-any.whl (7.3 kB)
Using cached contourpy-1.3.3-cp313-cp313-win_amd64.whl (226 kB)
Using cached cycler-0.12.1-py3-none-any.whl (8.3 kB)
Downloading debugpy-1.8.21-cp313-cp313-win_amd64.whl (5.4 MB)
   ---------------------------------------- 5.4/5.4 MB 5.6 MB/s  0:00:00
Downloading flatbuffers-25.12.19-py2.py3-none-any.whl (26 kB)
Downloading fonttools-4.63.0-cp313-cp313-win_amd64.whl (2.3 MB)
   ---------------------------------------- 2.3/2.3 MB 5.5 MB/s  0:00:00
Downloading gast-0.7.0-py3-none-any.whl (22 kB)
Downloading google_pasta-0.2.0-py3-none-any.whl (57 kB)
Downloading ipython-9.16.1-py3-none-any.whl (625 kB)
   ---------------------------------------- 626.0/626.0 kB 6.1 MB/s  0:00:00
Downloading prompt_toolkit-3.0.53-py3-none-any.whl (392 kB)
Using cached colorama-0.4.6-py2.py3-none-any.whl (25 kB)
Using cached ipython_pygments_lexers-1.1.1-py3-none-any.whl (8.1 kB)
Downloading jedi-0.20.0-py2.py3-none-any.whl (4.9 MB)
   ---------------------------------------- 4.9/4.9 MB 5.1 MB/s  0:00:01
Downloading parso-0.8.7-py2.py3-none-any.whl (107 kB)
Using cached joblib-1.5.3-py3-none-any.whl (309 kB)
Downloading jupyter_client-8.9.1-py3-none-any.whl (109 kB)
Using cached jupyter_core-5.9.1-py3-none-any.whl (29 kB)
Downloading keras-3.15.1-py3-none-any.whl (2.4 MB)
   ---------------------------------------- 2.4/2.4 MB 6.0 MB/s  0:00:00
Downloading kiwisolver-1.5.0-cp313-cp313-win_amd64.whl (73 kB)
Downloading libclang-18.1.1-py2.py3-none-win_amd64.whl (26.4 MB)
   ---------------------------------------- 26.4/26.4 MB 5.8 MB/s  0:00:04
Downloading matplotlib_inline-0.2.2-py3-none-any.whl (9.5 kB)
Downloading narwhals-2.24.0-py3-none-any.whl (461 kB)
Downloading nest_asyncio2-1.7.2-py3-none-any.whl (7.8 kB)
Downloading opt_einsum-3.4.0-py3-none-any.whl (71 kB)
Downloading packaging-26.3-py3-none-any.whl (129 kB)
Downloading pandas-3.0.5-cp313-cp313-win_amd64.whl (9.8 MB)
   ---------------------------------------- 9.8/9.8 MB 5.3 MB/s  0:00:01
Downloading platformdirs-4.11.1-py3-none-any.whl (23 kB)
Using cached psutil-7.2.2-cp37-abi3-win_amd64.whl (137 kB)
Using cached pygments-2.20.0-py3-none-any.whl (1.2 MB)
Using cached pyparsing-3.3.2-py3-none-any.whl (122 kB)
Using cached python_dateutil-2.9.0.post0-py2.py3-none-any.whl (229 kB)
Using cached pyzmq-27.1.0-cp312-abi3-win_amd64.whl (619 kB)
Downloading scipy-1.18.0-cp313-cp313-win_amd64.whl (36.6 MB)
   ---------------------------------------- 36.6/36.6 MB 5.9 MB/s  0:00:06
Using cached stack_data-0.6.3-py3-none-any.whl (24 kB)
Downloading asttokens-3.0.2-py3-none-any.whl (28 kB)
Using cached executing-2.2.1-py2.py3-none-any.whl (28 kB)
Using cached termcolor-3.3.0-py3-none-any.whl (7.7 kB)
Using cached threadpoolctl-3.6.0-py3-none-any.whl (18 kB)
Downloading tornado-6.5.8-cp39-abi3-win_amd64.whl (452 kB)
Downloading traitlets-5.16.1-py3-none-any.whl (86 kB)
Downloading wcwidth-0.8.2-py3-none-any.whl (323 kB)
Downloading wrapt-2.3.0-cp313-cp313-win_amd64.whl (81 kB)
Downloading namex-0.1.0-py3-none-any.whl (5.9 kB)
Downloading optree-0.19.1-cp313-cp313-win_amd64.whl (343 kB)
Using cached pure_eval-0.2.3-py3-none-any.whl (11 kB)
Using cached rich-15.0.0-py3-none-any.whl (310 kB)
Using cached markdown_it_py-4.2.0-py3-none-any.whl (91 kB)
Using cached mdurl-0.1.2-py3-none-any.whl (10.0 kB)
Downloading setuptools-84.0.0-py3-none-any.whl (818 kB)
   ---------------------------------------- 818.2/818.2 kB 7.1 MB/s  0:00:00
Downloading tzdata-2026.3-py2.py3-none-any.whl (348 kB)
Installing collected packages: pure-eval, namex, libclang, flatbuffers, wrapt, wcwidth, urllib3, tzdata, typing_extensions, traitlets, tornado, threadpoolctl, termcolor, six, setuptools, pyzmq, pyparsing, pygments, psutil, protobuf, platformdirs, pillow, parso, packaging, opt_einsum, numpy, nest-asyncio2, narwhals, mdurl, kiwisolver, joblib, idna, gast, fonttools, executing, debugpy, cycler, comm, colorama, charset_normalizer, certifi, asttokens, absl-py, wheel, stack_data, scipy, requests, python-dateutil, prompt_toolkit, optree, ml_dtypes, matplotlib-inline, markdown-it-py, jupyter-core, jedi, ipython-pygments-lexers, h5py, grpcio, google_pasta, contourpy, scikit-learn, rich, pandas, matplotlib, jupyter-client, ipython, astunparse, seaborn, keras, ipykernel, tensorflow

Successfully installed absl-py-2.5.0 asttokens-3.0.2 astunparse-1.6.3 certifi-2026.7.22 charset_normalizer-3.4.9 colorama-0.4.6 comm-0.2.3 contourpy-1.3.3 cycler-0.12.1 debugpy-1.8.21 executing-2.2.1 flatbuffers-25.12.19 fonttools-4.63.0 gast-0.7.0 google_pasta-0.2.0 grpcio-1.83.0 h5py-3.14.0 idna-3.18 ipykernel-7.3.0 ipython-9.16.1 ipython-pygments-lexers-1.1.1 jedi-0.20.0 joblib-1.5.3 jupyter-client-8.9.1 jupyter-core-5.9.1 keras-3.15.1 kiwisolver-1.5.0 libclang-18.1.1 markdown-it-py-4.2.0 matplotlib-3.11.1 matplotlib-inline-0.2.2 mdurl-0.1.2 ml_dtypes-0.5.4 namex-0.1.0 narwhals-2.24.0 nest-asyncio2-1.7.2 numpy-2.5.2 opt_einsum-3.4.0 optree-0.19.1 packaging-26.3 pandas-3.0.5 parso-0.8.7 pillow-12.3.0 platformdirs-4.11.1 prompt_toolkit-3.0.53 protobuf-7.35.1 psutil-7.2.2 pure-eval-0.2.3 pygments-2.20.0 pyparsing-3.3.2 python-dateutil-2.9.0.post0 pyzmq-27.1.0 requests-2.34.2 rich-15.0.0 scikit-learn-1.9.0 scipy-1.18.0 seaborn-0.13.2 setuptools-84.0.0 six-1.17.0 stack_data-0.6.3 tensorflow-2.21.0 termcolor-3.3.0 threadpoolctl-3.6.0 tornado-6.5.8 traitlets-5.16.1 typing_extensions-4.16.0 tzdata-2026.3 urllib3-2.7.0 wcwidth-0.8.2 wheel-0.47.0 wrapt-2.3.0
